nonce=True marker=True runtime=True e2e=True artifact_hash=True uptime 1032.15->1125.44 mono=True

================================================================
PHASE 4 真机测试证据已产出 —— 等待人工确认
================================================================
verdict : PASS (nonce=True marker=True runtime=True e2e=True artifact_hash=True uptime 1032.15->1125.44 mono=True)
nonce   : 38c94bd394b754956a5ea27fa3b0bdbb
产物(请人工核对真机真实结果):
  - /home/mgces/openharmony/code/specs/pipeline/20260707-thread-leak-detector/evidence/phase4/hilog_capture.txt
  - /home/mgces/openharmony/code/specs/pipeline/20260707-thread-leak-detector/evidence/phase4/device_cmds.txt
  - /home/mgces/openharmony/code/specs/pipeline/20260707-thread-leak-detector/evidence/phase4/run_meta.txt
  - /home/mgces/openharmony/code/specs/pipeline/20260707-thread-leak-detector/evidence/phase4/artifact_runtime_proof.txt

hilog 抓取末尾片段:
07-08 12:18:24.133   763   914 I C02d13/HDC_LOG: [daemon_unity.cpp:35] ~HdcDaemonUnity cid:3985564588 sid:216******491(L:10)
07-08 12:18:24.133   763   914 I C02d13/HDC_LOG: [task.cpp:40] ~HdcTaskBase type:0 cid:3985564588 sid:216******491(L:10)
07-08 12:18:24.134   763   914 W C02d13/HDC_LOG: [session.cpp:137] TaskDelay task remove finish, channelId:3985564588
07-08 12:18:24.134   763   914 I C02d13/HDC_LOG: [base.cpp:1069] before uv handle close, the uv handle type is 13
07-08 12:18:24.174   763   914 I C02d13/HDC_LOG: [daemon.cpp:1143] FetchCommand channelId:3985564588 command:2
07-08 12:18:24.228   763   914 I C02d13/HDC_LOG: [daemon.cpp:1143] FetchCommand channelId:2547984729 command:1001
07-08 12:18:24.228   763   914 I C02d13/HDC_LOG: [session.cpp:1670] New HTaskInfo cid:2547984729 sid:216******491(L:10) command:1001
07-08 12:18:24.228   763   914 I C02d13/HDC_LOG: [session.cpp:905] AdminTask add task type:0 cid:2547984729 sid:216******491(L:10) mapsize:1
07-08 12:18:24.228   763   914 I C02d13/HDC_LOG: [task.cpp:34] HdcTaskBase type:0 cid:2547984729 sid:216******491(L:10)
07-08 12:18:24.228   763   914 I C02d13/HDC_LOG: [daemon_unity.cpp:425] Unity CommandDispatch command:1001 cid:2547984729 sid:216******491(L:10)
07-08 12:18:24.228   763   914 W C02d13/HDC_LOG: [async_cmd.cpp:35] GetDevItem false key:persist.hdc.root
07-08 12:18:24.228   763   914 I C02d13/HDC_LOG: [async_cmd.cpp:188] Popen pipe fds[pipeRead]:39 fds[pipeWrite]:40, mode 0
07-08 12:18:24.230   763   914 I C02d13/HDC_LOG: [async_cmd.cpp:251] ExecuteCommand cmd:hilog -x fd:39 pid:5891
07-08 12:18:24.231   763   914 I C02d13/HDC_LOG: [daemon_unity.cpp:497] Unity CommandDispatch command:1001 finish cid:2547984729 sid:216******491(L:10)
07-08 12:18:24.231  5891  5891 W C02d13/HDC_LOG: [async_cmd.cpp:159] SetSelinuxLabel con:u:r:su:s0 isRoot:0

下一步(人工确认真机结果可接受后):
  advance.py --pipeline-dir /home/mgces/openharmony/code/specs/pipeline/20260707-thread-leak-detector consent --phase 4 --token <审核人>
  advance.py --pipeline-dir /home/mgces/openharmony/code/specs/pipeline/20260707-thread-leak-detector advance --phase 4
================================================================
